CREATE SCHEMA parallel_scan;
SET SESSION search_path = 'parallel_scan';
CREATE EXTENSION orioledb;
SET min_parallel_table_scan_size = 1;
SET min_parallel_index_scan_size = 1;
SET parallel_setup_cost = 0;
SET parallel_tuple_cost = 0;
SET enable_seqscan = ON;
SET enable_bitmapscan = OFF;
SET enable_indexscan = OFF;
CREATE TABLE seq_scan_test
(
	id serial primary key,
	i int4
) USING orioledb;
CREATE FUNCTION pseudo_random(seed bigint, i bigint) RETURNS float8 AS
$$
	SELECT substr(sha256(($1::text || ' ' || $2::text)::bytea)::text,2,16)::bit(52)::bigint::float8 / pow(2.0, 52.0);
$$ LANGUAGE sql;
ALTER SEQUENCE seq_scan_test_id_seq RESTART WITH 100000;
INSERT INTO seq_scan_test (i)
	SELECT pseudo_random(1, v) * 1200000 FROM generate_series(1,300000) v;
ANALYZE seq_scan_test;
CREATE INDEX seq_scan_test_ix1 ON seq_scan_test (i);
SET max_parallel_workers_per_gather = 0;
EXPLAIN (COSTS OFF) SELECT count(*) FROM seq_scan_test WHERE i < 100;
           QUERY PLAN            
---------------------------------
 Aggregate
   ->  Seq Scan on seq_scan_test
         Filter: (i < 100)
(3 rows)

SELECT count(*) FROM seq_scan_test WHERE i < 100;
 count 
-------
    19
(1 row)

SET max_parallel_workers_per_gather = 5;
EXPLAIN (COSTS OFF) SELECT count(*) FROM seq_scan_test WHERE i < 100;
                      QUERY PLAN                      
------------------------------------------------------
 Finalize Aggregate
   ->  Gather
         Workers Planned: 5
         ->  Partial Aggregate
               ->  Parallel Seq Scan on seq_scan_test
                     Filter: (i < 100)
(6 rows)

SELECT count(*) FROM seq_scan_test WHERE i < 100;
 count 
-------
    19
(1 row)

SET max_parallel_workers_per_gather = 0;
EXPLAIN (COSTS OFF)
	SELECT * FROM seq_scan_test WHERE i < 100 ORDER BY i,id LIMIT 20;
              QUERY PLAN               
---------------------------------------
 Limit
   ->  Sort
         Sort Key: i, id
         ->  Seq Scan on seq_scan_test
               Filter: (i < 100)
(5 rows)

SELECT * FROM seq_scan_test WHERE i < 100 ORDER BY i,id LIMIT 20;
   id   | i  
--------+----
 132074 |  0
 215987 |  1
 206349 |  6
 328283 |  9
 357225 | 10
 259376 | 23
 289405 | 23
 131420 | 25
 228520 | 25
 281441 | 29
 286045 | 46
 341383 | 47
 242343 | 56
 351116 | 63
 118127 | 64
 208922 | 67
 386459 | 74
 203029 | 90
 316940 | 90
(19 rows)

SET max_parallel_workers_per_gather = 5;
EXPLAIN (COSTS OFF)
	SELECT * FROM seq_scan_test WHERE i < 100 ORDER BY i,id LIMIT 20;
                      QUERY PLAN                      
------------------------------------------------------
 Limit
   ->  Gather Merge
         Workers Planned: 5
         ->  Sort
               Sort Key: i, id
               ->  Parallel Seq Scan on seq_scan_test
                     Filter: (i < 100)
(7 rows)

SELECT * FROM seq_scan_test WHERE i < 100 ORDER BY i,id LIMIT 20;
   id   | i  
--------+----
 132074 |  0
 215987 |  1
 206349 |  6
 328283 |  9
 357225 | 10
 259376 | 23
 289405 | 23
 131420 | 25
 228520 | 25
 281441 | 29
 286045 | 46
 341383 | 47
 242343 | 56
 351116 | 63
 118127 | 64
 208922 | 67
 386459 | 74
 203029 | 90
 316940 | 90
(19 rows)

SET max_parallel_workers_per_gather = 0;
EXPLAIN (COSTS OFF) SELECT count(*) FROM seq_scan_test WHERE i < 1000;
           QUERY PLAN            
---------------------------------
 Aggregate
   ->  Seq Scan on seq_scan_test
         Filter: (i < 1000)
(3 rows)

SELECT count(*) FROM seq_scan_test WHERE i < 1000;
 count 
-------
   246
(1 row)

SET max_parallel_workers_per_gather = 5;
EXPLAIN (COSTS OFF) SELECT count(*) FROM seq_scan_test WHERE i < 1000;
                      QUERY PLAN                      
------------------------------------------------------
 Finalize Aggregate
   ->  Gather
         Workers Planned: 5
         ->  Partial Aggregate
               ->  Parallel Seq Scan on seq_scan_test
                     Filter: (i < 1000)
(6 rows)

SELECT count(*) FROM seq_scan_test WHERE i < 1000;
 count 
-------
   246
(1 row)

SET max_parallel_workers_per_gather = 0;
EXPLAIN (COSTS OFF)
	SELECT * FROM seq_scan_test WHERE i < 1000 ORDER BY i,id LIMIT 20;
              QUERY PLAN               
---------------------------------------
 Limit
   ->  Sort
         Sort Key: i, id
         ->  Seq Scan on seq_scan_test
               Filter: (i < 1000)
(5 rows)

SELECT * FROM seq_scan_test WHERE i < 1000 ORDER BY i,id LIMIT 20;
   id   |  i  
--------+-----
 132074 |   0
 215987 |   1
 206349 |   6
 328283 |   9
 357225 |  10
 259376 |  23
 289405 |  23
 131420 |  25
 228520 |  25
 281441 |  29
 286045 |  46
 341383 |  47
 242343 |  56
 351116 |  63
 118127 |  64
 208922 |  67
 386459 |  74
 203029 |  90
 316940 |  90
 339989 | 104
(20 rows)

SET max_parallel_workers_per_gather = 5;
EXPLAIN (COSTS OFF)
	SELECT * FROM seq_scan_test WHERE i < 1000 ORDER BY i,id LIMIT 20;
                      QUERY PLAN                      
------------------------------------------------------
 Limit
   ->  Gather Merge
         Workers Planned: 5
         ->  Sort
               Sort Key: i, id
               ->  Parallel Seq Scan on seq_scan_test
                     Filter: (i < 1000)
(7 rows)

SELECT * FROM seq_scan_test WHERE i < 1000 ORDER BY i,id LIMIT 20;
   id   |  i  
--------+-----
 132074 |   0
 215987 |   1
 206349 |   6
 328283 |   9
 357225 |  10
 259376 |  23
 289405 |  23
 131420 |  25
 228520 |  25
 281441 |  29
 286045 |  46
 341383 |  47
 242343 |  56
 351116 |  63
 118127 |  64
 208922 |  67
 386459 |  74
 203029 |  90
 316940 |  90
 339989 | 104
(20 rows)

SET max_parallel_workers_per_gather = 0;
EXPLAIN (COSTS OFF)
	SELECT count(*) FROM seq_scan_test WHERE i < 1000 OR i > 13000;
                 QUERY PLAN                  
---------------------------------------------
 Aggregate
   ->  Seq Scan on seq_scan_test
         Filter: ((i < 1000) OR (i > 13000))
(3 rows)

SELECT count(*) FROM seq_scan_test WHERE i < 1000 OR i > 13000;
 count  
--------
 296960
(1 row)

SET max_parallel_workers_per_gather = 5;
EXPLAIN (COSTS OFF)
	SELECT count(*) FROM seq_scan_test WHERE i < 1000 OR i > 13000;
                       QUERY PLAN                        
---------------------------------------------------------
 Finalize Aggregate
   ->  Gather
         Workers Planned: 5
         ->  Partial Aggregate
               ->  Parallel Seq Scan on seq_scan_test
                     Filter: ((i < 1000) OR (i > 13000))
(6 rows)

SELECT count(*) FROM seq_scan_test WHERE i < 1000 OR i > 13000;
 count  
--------
 296960
(1 row)

SET max_parallel_workers_per_gather = 0;
EXPLAIN (COSTS OFF)
	SELECT * FROM seq_scan_test WHERE i < 1000 OR i > 13000 ORDER BY i,id LIMIT 20;
                    QUERY PLAN                     
---------------------------------------------------
 Limit
   ->  Sort
         Sort Key: i, id
         ->  Seq Scan on seq_scan_test
               Filter: ((i < 1000) OR (i > 13000))
(5 rows)

SELECT * FROM seq_scan_test WHERE i < 1000 OR i > 13000 ORDER BY i,id LIMIT 20;
   id   |  i  
--------+-----
 132074 |   0
 215987 |   1
 206349 |   6
 328283 |   9
 357225 |  10
 259376 |  23
 289405 |  23
 131420 |  25
 228520 |  25
 281441 |  29
 286045 |  46
 341383 |  47
 242343 |  56
 351116 |  63
 118127 |  64
 208922 |  67
 386459 |  74
 203029 |  90
 316940 |  90
 339989 | 104
(20 rows)

SET max_parallel_workers_per_gather = 5;
EXPLAIN (COSTS OFF)
	SELECT * FROM seq_scan_test WHERE i < 1000 OR i > 13000 ORDER BY i,id LIMIT 20;
                       QUERY PLAN                        
---------------------------------------------------------
 Limit
   ->  Gather Merge
         Workers Planned: 5
         ->  Sort
               Sort Key: i, id
               ->  Parallel Seq Scan on seq_scan_test
                     Filter: ((i < 1000) OR (i > 13000))
(7 rows)

SELECT * FROM seq_scan_test WHERE i < 1000 OR i > 13000 ORDER BY i,id LIMIT 20;
   id   |  i  
--------+-----
 132074 |   0
 215987 |   1
 206349 |   6
 328283 |   9
 357225 |  10
 259376 |  23
 289405 |  23
 131420 |  25
 228520 |  25
 281441 |  29
 286045 |  46
 341383 |  47
 242343 |  56
 351116 |  63
 118127 |  64
 208922 |  67
 386459 |  74
 203029 |  90
 316940 |  90
 339989 | 104
(20 rows)

RESET max_parallel_workers_per_gather;
RESET min_parallel_table_scan_size;
RESET min_parallel_index_scan_size;
RESET parallel_setup_cost;
RESET parallel_tuple_cost;
RESET enable_seqscan;
RESET enable_bitmapscan;
RESET enable_indexscan;
CREATE TABLE o_test_o_scan_register (
	val_1 TEXT PRIMARY KEY,
	val_2 DECIMAL NOT NULL
) USING orioledb;
INSERT INTO o_test_o_scan_register (val_1, val_2) VALUES ('A', 0), ('B', 0);
BEGIN TRANSACTION ISOLATION LEVEL SERIALIZABLE;
SELECT orioledb_parallel_debug_start();
 orioledb_parallel_debug_start 
-------------------------------
 
(1 row)

EXPLAIN (COSTS OFF) SELECT val_1, val_2 FROM o_test_o_scan_register
    WHERE val_1 IN ('A', 'B') ORDER BY val_1;
                         QUERY PLAN                         
------------------------------------------------------------
 Gather
   Workers Planned: 1
   Single Copy: true
   ->  Custom Scan (o_scan) on o_test_o_scan_register
         Forward index scan of: o_test_o_scan_register_pkey
         Conds: (val_1 = ANY ('{A,B}'::text[]))
(6 rows)

SELECT val_1, val_2 FROM o_test_o_scan_register
    WHERE val_1 IN ('A', 'B') ORDER BY val_1;
 val_1 | val_2 
-------+-------
 A     |     0
 B     |     0
(2 rows)

SELECT orioledb_parallel_debug_stop();
 orioledb_parallel_debug_stop 
------------------------------
 
(1 row)

COMMIT;
CREATE FUNCTION func_1(int, int) RETURNS int LANGUAGE SQL
AS
'select pg_advisory_xact_lock_shared($1); select 1;'
PARALLEL SAFE;
CREATE TABLE o_test_1 USING orioledb
AS SELECT val_1 FROM generate_series(1, 1000) val_1;
SET parallel_setup_cost = 0;
SET min_parallel_table_scan_size = 0;
SET parallel_leader_participation = off;
SELECT sum(func_1(1,val_1)) FROM o_test_1;
 sum  
------
 1000
(1 row)

RESET parallel_setup_cost;
RESET min_parallel_table_scan_size;
RESET parallel_leader_participation;
BEGIN;
CREATE TABLE o_test_parallel_bitmap_scan (
	val_1 int
) USING orioledb;
CREATE INDEX ind_1 ON o_test_parallel_bitmap_scan (val_1);
INSERT INTO o_test_parallel_bitmap_scan SELECT generate_series(1, 10);
SELECT orioledb_parallel_debug_start();
 orioledb_parallel_debug_start 
-------------------------------
 
(1 row)

EXPLAIN (COSTS OFF)
	SELECT count(*) FROM o_test_parallel_bitmap_scan WHERE val_1 < 5;
                           QUERY PLAN                            
-----------------------------------------------------------------
 Gather
   Workers Planned: 1
   Single Copy: true
   ->  Aggregate
         ->  Custom Scan (o_scan) on o_test_parallel_bitmap_scan
               Bitmap heap scan
               Recheck Cond: (val_1 < 5)
               ->  Bitmap Index Scan on ind_1
                     Index Cond: (val_1 < 5)
(9 rows)

SELECT count(*) FROM o_test_parallel_bitmap_scan WHERE val_1 < 5;
 count 
-------
     4
(1 row)

SELECT orioledb_parallel_debug_stop();
 orioledb_parallel_debug_stop 
------------------------------
 
(1 row)

COMMIT;
BEGIN;
SELECT orioledb_parallel_debug_start();
 orioledb_parallel_debug_start 
-------------------------------
 
(1 row)

SET LOCAL enable_seqscan = OFF;
CREATE TABLE o_test_parallel_index_scan (
	val_1 text,
	PRIMARY KEY(val_1)
) USING orioledb;
SELECT * FROM o_test_parallel_index_scan;
 val_1 
-------
(0 rows)

SELECT orioledb_parallel_debug_stop();
 orioledb_parallel_debug_stop 
------------------------------
 
(1 row)

COMMIT;
-- Wrapper function, which converts result of SQL query to the text
CREATE OR REPLACE FUNCTION query_to_text(sql TEXT, out result text)
	RETURNS SETOF TEXT AS $$
	BEGIN
		FOR result IN EXECUTE sql LOOP
			RETURN NEXT;
		END LOOP;
	END $$
LANGUAGE plpgsql;
BEGIN;
SELECT orioledb_parallel_debug_start();
 orioledb_parallel_debug_start 
-------------------------------
 
(1 row)

CREATE TABLE o_test_parallel_bitmap_scan_explain_buffers (
	val_1 integer NOT NULL PRIMARY KEY
)USING orioledb;
SELECT regexp_replace(t, '[\d\.]+', 'x', 'g')
FROM query_to_text($$
	EXPLAIN (ANALYZE, BUFFERS)
		SELECT * FROM o_test_parallel_bitmap_scan_explain_buffers
			ORDER BY val_1;
$$) as t;
                                                          regexp_replace                                                           
-----------------------------------------------------------------------------------------------------------------------------------
 Gather  (cost=x rows=x width=x) (actual time=x rows=x loops=x)
   Workers Planned: x
   Workers Launched: x
   Single Copy: true
   Buffers: shared hit=x
   ->  Custom Scan (o_scan) on o_test_parallel_bitmap_scan_explain_buffers  (cost=x rows=x width=x) (actual time=x rows=x loops=x)
         Forward index only scan of: o_test_parallel_bitmap_scan_explain_buffers_pkey
         Buffers: shared hit=x
 Planning:
   Buffers: shared hit=x read=x
 Planning Time: x ms
 Execution Time: x ms
(12 rows)

SELECT orioledb_parallel_debug_stop();
 orioledb_parallel_debug_stop 
------------------------------
 
(1 row)

COMMIT;
CREATE TABLE o_test_parallel_unique_index_scan (
	val_1 int,
	val_2 int,
	UNIQUE (val_1)
) USING orioledb;
INSERT INTO o_test_parallel_unique_index_scan
	SELECT v, v FROM generate_series(0, 2) v;
BEGIN;
SELECT orioledb_parallel_debug_start();
 orioledb_parallel_debug_start 
-------------------------------
 
(1 row)

EXPLAIN (COSTS OFF)
	SELECT * FROM o_test_parallel_unique_index_scan ORDER BY val_1;
                                 QUERY PLAN                                 
----------------------------------------------------------------------------
 Gather
   Workers Planned: 1
   Single Copy: true
   ->  Custom Scan (o_scan) on o_test_parallel_unique_index_scan
         Forward index scan of: o_test_parallel_unique_index_scan_val_1_key
(5 rows)

SELECT * FROM o_test_parallel_unique_index_scan ORDER BY val_1;
 val_1 | val_2 
-------+-------
     0 |     0
     1 |     1
     2 |     2
(3 rows)

SELECT orioledb_parallel_debug_stop();
 orioledb_parallel_debug_stop 
------------------------------
 
(1 row)

COMMIT;
BEGIN;
SELECT orioledb_parallel_debug_start();
 orioledb_parallel_debug_start 
-------------------------------
 
(1 row)

CREATE TABLE o_test_parallel (
	val_1 int
) USING orioledb;
INSERT INTO o_test_parallel (val_1) VALUES (1);
SELECT * FROM o_test_parallel;
 val_1 
-------
     1
(1 row)

SELECT orioledb_parallel_debug_stop();
 orioledb_parallel_debug_stop 
------------------------------
 
(1 row)

COMMIT;
DROP EXTENSION orioledb CASCADE;
NOTICE:  drop cascades to 8 other objects
DETAIL:  drop cascades to table seq_scan_test
drop cascades to table o_test_o_scan_register
drop cascades to table o_test_1
drop cascades to table o_test_parallel_bitmap_scan
drop cascades to table o_test_parallel_index_scan
drop cascades to table o_test_parallel_bitmap_scan_explain_buffers
drop cascades to table o_test_parallel_unique_index_scan
drop cascades to table o_test_parallel
DROP SCHEMA parallel_scan CASCADE;
NOTICE:  drop cascades to 3 other objects
DETAIL:  drop cascades to function pseudo_random(bigint,bigint)
drop cascades to function func_1(integer,integer)
drop cascades to function query_to_text(text)
RESET search_path;
